2026-09-05 11:18:00,066 - INFO - File extension validated: Telco.csv
2026-09-05 11:18:00,114 - ERROR - Schema mismatch.Expected:[], Found: ['customerID', 'gender', 'SeniorCitizen', 'Partner', 'Dependents', 'tenure', 'PhoneService', 'MultipleLines', 'InternetService', 'OnlineSecurity', 'OnlineBackup', 'DeviceProtection', 'TechSupport', 'StreamingTV', 'StreamingMovies', 'Contract', 'PaperlessBilling', 'PaymentMethod', 'MonthlyCharges', 'TotalCharges', 'Churn']
2026-09-05 11:19:42,105 - INFO - File extension validated: Telco.csv
2026-09-05 11:19:42,128 - ERROR - Schema mismatch.Expected:[], Found: ['customerID', 'gender', 'SeniorCitizen', 'Partner', 'Dependents', 'tenure', 'PhoneService', 'MultipleLines', 'InternetService', 'OnlineSecurity', 'OnlineBackup', 'DeviceProtection', 'TechSupport', 'StreamingTV', 'StreamingMovies', 'Contract', 'PaperlessBilling', 'PaymentMethod', 'MonthlyCharges', 'TotalCharges', 'Churn']
2026-09-05 11:23:11,779 - INFO - File extension validated: Telco.csv
2026-09-05 11:23:11,806 - ERROR - Schema mismatch.Expected:[], Found: ['customerID', 'gender', 'SeniorCitizen', 'Partner', 'Dependents', 'tenure', 'PhoneService', 'MultipleLines', 'InternetService', 'OnlineSecurity', 'OnlineBackup', 'DeviceProtection', 'TechSupport', 'StreamingTV', 'StreamingMovies', 'Contract', 'PaperlessBilling', 'PaymentMethod', 'MonthlyCharges', 'TotalCharges', 'Churn']
2026-09-05 11:23:56,481 - INFO - File extension validated: Telco.csv
2026-09-05 11:23:56,507 - ERROR - Schema mismatch.Expected:{}, Found: ['customerID', 'gender', 'SeniorCitizen', 'Partner', 'Dependents', 'tenure', 'PhoneService', 'MultipleLines', 'InternetService', 'OnlineSecurity', 'OnlineBackup', 'DeviceProtection', 'TechSupport', 'StreamingTV', 'StreamingMovies', 'Contract', 'PaperlessBilling', 'PaymentMethod', 'MonthlyCharges', 'TotalCharges', 'Churn']
2026-09-05 11:25:03,351 - INFO - File extension validated: Telco.csv
2026-09-05 11:25:03,403 - ERROR - Schema mismatch.Expected:{}, Found: ['customerID', 'gender', 'SeniorCitizen', 'Partner', 'Dependents', 'tenure', 'PhoneService', 'MultipleLines', 'InternetService', 'OnlineSecurity', 'OnlineBackup', 'DeviceProtection', 'TechSupport', 'StreamingTV', 'StreamingMovies', 'Contract', 'PaperlessBilling', 'PaymentMethod', 'MonthlyCharges', 'TotalCharges', 'Churn']
2026-09-05 11:27:35,454 - INFO - File extension validated: Telco.csv
2026-09-05 11:27:35,476 - ERROR - Error validating schema:'str' object has no attribute 'get'
2026-09-05 11:29:53,540 - INFO - File extension validated: Telco.csv
2026-09-05 11:29:53,575 - ERROR - Schema mismatch.Expected:[], Found: ['customerID', 'gender', 'SeniorCitizen', 'Partner', 'Dependents', 'tenure', 'PhoneService', 'MultipleLines', 'InternetService', 'OnlineSecurity', 'OnlineBackup', 'DeviceProtection', 'TechSupport', 'StreamingTV', 'StreamingMovies', 'Contract', 'PaperlessBilling', 'PaymentMethod', 'MonthlyCharges', 'TotalCharges', 'Churn']
2026-09-05 11:31:27,865 - INFO - File extension validated: Telco.csv
2026-09-05 11:31:27,887 - INFO - Schema validation passed
2026-09-05 11:31:30,463 - INFO - Data pushed to database from Telco.csv
2026-09-08 11:47:03,566 - INFO - File extension validated: Telco.csv
2026-09-08 11:47:03,611 - INFO - Schema validation passed
2026-09-08 11:47:06,314 - INFO - Data pushed to database from Telco.csv
2026-09-08 11:47:46,938 - INFO - File extension validated: Telco.csv
2026-09-08 11:47:46,968 - INFO - Schema validation passed
2026-09-08 11:47:49,560 - INFO - Data pushed to database from Telco.csv
2026-09-08 11:52:10,906 - INFO - File extension validated: Telco.csv
2026-09-08 11:52:10,933 - INFO - Schema validation passed
2026-09-08 11:52:13,826 - INFO - Data pushed to database from Telco.csv
2026-09-08 12:04:04,577 - INFO - File extension validated: Telco.csv
2026-09-08 12:04:04,606 - INFO - Schema validation passed
2026-09-08 12:04:07,689 - INFO - Data pushed to database from Telco.csv
2026-09-08 12:06:45,052 - INFO - File extension validated: Telco.csv
2026-09-08 12:06:45,076 - INFO - Schema validation passed
2026-09-08 12:06:47,810 - INFO - Data pushed to database from Telco.csv
2026-09-08 12:08:55,494 - INFO - File extension validated: Telco.csv
2026-09-08 12:08:55,525 - INFO - Schema validation passed
2026-09-08 12:08:59,129 - INFO - Data pushed to database from Telco.csv
2026-09-08 12:08:59,228 - INFO - Incremental load:200 new records found
2026-09-08 12:09:13,162 - INFO - File extension validated: Telco.csv
2026-09-08 12:09:13,198 - INFO - Schema validation passed
2026-09-08 12:09:16,573 - INFO - Data pushed to database from Telco.csv
2026-09-08 12:09:16,666 - INFO - Incremental load:200 new records found
2026-09-08 12:09:17,710 - INFO - API ingestion :100 records fetched
2026-09-08 12:09:48,584 - INFO - File extension validated: Telco.csv
2026-09-08 12:09:48,608 - INFO - Schema validation passed
2026-09-08 12:09:51,318 - INFO - Data pushed to database from Telco.csv
2026-09-08 12:09:51,388 - INFO - Incremental load:200 new records found
2026-09-08 12:09:52,224 - INFO - API ingestion :100 records fetched
2026-09-08 12:24:20,786 - INFO - File extension validated: Telco.csv
2026-09-08 12:24:20,812 - INFO - Schema validation passed
2026-09-08 12:24:24,105 - INFO - Data pushed to database from Telco.csv
